// Jest Snapshot v1, https://goo.gl/fbAQLP

exports[`get-searcher should list all searchers with default parameters 1`] = `
{
  "content": [
    {
      "text": "{"total":1,"items":[{"name":"MultiSearcher"}]}",
      "type": "text",
    },
  ],
}
`;
