// Jest Snapshot v1, https://goo.gl/fbAQLP

exports[`searcher-tool-index should have tools when user has no permissions 1`] = `[]`;

exports[`searcher-tool-index should have tools when user has settings section access 1`] = `
[
  "get-searcher",
  "get-searcher-by-searcher-name-query",
]
`;
