// Jest Snapshot v1, https://goo.gl/fbAQLP

exports[`get-user-current-login-providers should get current user's login providers 1`] = `
{
  "content": [
    {
      "text": "[]",
      "type": "text",
    },
  ],
}
`;
