// Jest Snapshot v1, https://goo.gl/fbAQLP

exports[`upload-user-current-avatar should upload avatar for current user 1`] = `
{
  "content": [
    {
      "text": """",
      "type": "text",
    },
  ],
}
`;
