// Jest Snapshot v1, https://goo.gl/fbAQLP

exports[`create-language should create a language 1`] = `
{
  "content": [
    {
      "text": "{
  "success": true,
  "isoCode": "en-GB"
}",
      "type": "text",
    },
  ],
}
`;

exports[`create-language should handle existing language 1`] = `
{
  "content": [
    {
      "text": "Error using create-language:
{
  "message": "Request failed with status code 400",
  "response": {
    "type": "Error",
    "title": "Duplicate ISO code",
    "status": 400,
    "detail": "Another language already exists with the attempted ISO code.",
    "operationStatus": "DuplicateIsoCode"
  }
}",
      "type": "text",
    },
  ],
}
`;
