// Jest Snapshot v1, https://goo.gl/fbAQLP

exports[`get-models-builder-dashboard should get the models builder dashboard 1`] = `
{
  "content": [
    {
      "text": "{"mode":"InMemoryAuto","canGenerate":false,"outOfDateModels":false,"lastError":null,"version":"16.1.1+7e82c25","modelsNamespace":"Umbraco.Cms.Web.Common.PublishedModels","trackingOutOfDateModels":false}",
      "type": "text",
    },
  ],
}
`;
