// Jest Snapshot v1, https://goo.gl/fbAQLP

exports[`models-builder-tool-index should have tools when user has no permissions 1`] = `[]`;

exports[`models-builder-tool-index should have tools when user has settings section access 1`] = `
[
  "get-models-builder-dashboard",
  "get-models-builder-status",
  "post-models-builder-build",
]
`;
