// Jest Snapshot v1, https://goo.gl/fbAQLP

exports[`delete-media should delete a media item 1`] = `
{
  "content": [
    {
      "text": """",
      "type": "text",
    },
  ],
}
`;

exports[`delete-media should handle non-existent media 1`] = `
{
  "content": [
    {
      "text": "Error using delete-media:
{
  "message": "Request failed with status code 404",
  "response": {
    "type": "Error",
    "title": "The content could not be found",
    "status": 404,
    "operationStatus": "NotFound"
  }
}",
      "type": "text",
    },
  ],
}
`;
