// Jest Snapshot v1, https://goo.gl/fbAQLP

exports[`unpublish-document should handle unpublishing a non-existent document 1`] = `
{
  "content": [
    {
      "text": "Error using unpublish-document:
{
  "message": "Request failed with status code 404",
  "response": {
    "type": "Error",
    "title": "The requested document could not be found",
    "status": 404,
    "operationStatus": "ContentNotFound"
  }
}",
      "type": "text",
    },
  ],
}
`;

exports[`unpublish-document should unpublish a published document 1`] = `
{
  "content": [
    {
      "text": """",
      "type": "text",
    },
  ],
}
`;
