// Jest Snapshot v1, https://goo.gl/fbAQLP

exports[`create-temporary-file should create a temporary file 1`] = `
{
  "content": [
    {
      "text": "{"id":"00000000-0000-0000-0000-000000000000"}",
      "type": "text",
    },
  ],
}
`;

exports[`create-temporary-file should create a temporary file 2`] = `
[
  {
    "availableUntil": "NORMALIZED_DATE",
    "fileName": "example.jpg",
    "id": "NORMALIZED_ID",
  },
]
`;

exports[`create-temporary-file should handle file not found 1`] = `
{
  "content": [
    {
      "text": "Error using create-temporary-file:
{
  "message": "ENOENT: no such file or directory, open <image path>",
  "cause": {
    "errno": -2,
    "code": "ENOENT",
    "syscall": "open",
    "path": "<image path>"
  },
  "path": "<image path>"
}",
      "type": "text",
    },
  ],
}
`;
