// Jest Snapshot v1, https://goo.gl/fbAQLP

exports[`delete-member-type should delete a member type 1`] = `
{
  "content": [
    {
      "text": """",
      "type": "text",
    },
  ],
}
`;

exports[`delete-member-type should handle non-existent member type 1`] = `
{
  "content": [
    {
      "text": "Error using delete-member-type:
{
  "message": "Request failed with status code 404",
  "response": {
    "type": "Error",
    "title": "Not Found",
    "status": 404,
    "detail": "The specified member type was not found",
    "operationStatus": "NotFound"
  }
}",
      "type": "text",
    },
  ],
}
`;
