// Jest Snapshot v1, https://goo.gl/fbAQLP

exports[`get-document-blueprint-scaffold should handle non-existent blueprint 1`] = `
{
  "content": [
    {
      "text": "Error using get-document-blueprint-scaffold:
{
  "message": "Request failed with status code 404",
  "response": {
    "type": "Error",
    "title": "The document blueprint could not be found",
    "status": 404,
    "operationStatus": "NotFound"
  }
}",
      "type": "text",
    },
  ],
}
`;
